
 New logger thread created


 Log file '../out/file_change.log' opened


 Closed log file


 Logger thread terminated successfully


 New logger thread created


 Log file '../out/file_change2.log' opened


 Closed log file


 Logger thread terminated successfully

