
 New logger thread # 66592 created 


 Log file '../out/level_check.log' opened


 WARN - Test WARN message 2


 ERROR - Test ERROR message 3


 Closed log file


 Logger thread terminated

